---
source: crates/module-email-signup/tests/templates.rs
expression: rendered.html
---
<!doctype html>
<html>
  <body style="margin:0;padding:24px;background:#f4f4f5;font-family:-apple-system,BlinkMacSystemFont,'Segoe UI',Helvetica,Arial,sans-serif;color:#18181b;">
    <div style="max-width:520px;margin:0 auto;background:#ffffff;border-radius:12px;padding:32px;">
      
      <img src="https://factory0.ventures/logo.png" alt="factory0" style="max-height:40px;display:block;margin:0 auto 16px;">
      
      <h1 style="font-size:20px;line-height:1.3;margin:0 0 12px;">You are on the list</h1>
      <p style="font-size:15px;line-height:1.6;margin:0 0 8px;">
        Welcome to <strong>factory0</strong> — your email address is confirmed.
      </p>
      <hr style="border:none;border-top:1px solid #e4e4e7;margin:24px 0;">
      <p style="font-size:12px;line-height:1.6;margin:0;color:#71717a;">
        This mail was sent to nick@example.com.<br>
        Do not want these mails? <a href="https://api.factory0.ventures/v1/email-signup/unsubscribe?token=def" style="color:#71717a;">Unsubscribe</a>
        <br>Factory Zero · factory0.ventures
      </p>
    </div>
  </body>
</html>
